// Jest Snapshot v1, https://goo.gl/fbAQLP

exports[`src/contexts render 1`] = `<Context.Provider />`;
